X,Y,OBJECTID,SiteID,Address,Street,OnStreet,FromStreet,ToStreet,SideOfParcel,Site,Species,DiameterAtBreastHeight,GrowSpace,Trunks,Height,Width,TreeCategory,Area,Parks,BotanicalName,CommonName
474804.2185,5364618.317,29517,24388,1459,BAY ST,BAY ST,OREGON AVE,BELMONT AVE,Front,1,Pinus contorta var. bolanderi,7,Shrub bed,1,2,2,Setback Trees,Fernwood,N/A,Pinus,Pine
